Archive member included to satisfy reference by file (symbol)

/usr/lib/gcc/arm-none-eabi/13.2.1/../../../arm-none-eabi/lib/thumb/v7e-m+fp/hard/libc_nano.a(libc_a-strlen.o)
                              /tmp/cc3wGzk0.o (strlen)
/usr/lib/gcc/arm-none-eabi/13.2.1/../../../arm-none-eabi/lib/thumb/v7e-m+fp/hard/libc_nano.a(libc_a-memset.o)
                              /tmp/ccI0b0Om.o (memset)
/usr/lib/gcc/arm-none-eabi/13.2.1/../../../arm-none-eabi/lib/thumb/v7e-m+fp/hard/libc_nano.a(libc_a-memcpy.o)
                              /tmp/ccI0b0Om.o (memcpy)

Discarded input sections

 .group         0x00000000        0xc /tmp/ccI0b0Om.o
 .group         0x00000000        0xc /tmp/ccI0b0Om.o
 .group         0x00000000        0xc /tmp/ccI0b0Om.o
 .group         0x00000000        0xc /tmp/ccI0b0Om.o
 .group         0x00000000        0xc /tmp/ccI0b0Om.o
 .group         0x00000000        0xc /tmp/ccI0b0Om.o
 .group         0x00000000        0xc /tmp/ccI0b0Om.o
 .group         0x00000000        0xc /tmp/ccI0b0Om.o
 .group         0x00000000        0xc /tmp/ccI0b0Om.o
 .group         0x00000000        0xc /tmp/ccI0b0Om.o
 .group         0x00000000        0xc /tmp/ccI0b0Om.o
 .group         0x00000000        0xc /tmp/ccI0b0Om.o
 .group         0x00000000        0xc /tmp/ccI0b0Om.o
 .group         0x00000000        0xc /tmp/ccI0b0Om.o
 .group         0x00000000        0xc /tmp/ccI0b0Om.o
 .group         0x00000000        0xc /tmp/ccI0b0Om.o
 .group         0x00000000        0xc /tmp/ccI0b0Om.o
 .group         0x00000000        0xc /tmp/ccI0b0Om.o
 .group         0x00000000        0xc /tmp/ccI0b0Om.o
 .group         0x00000000        0xc /tmp/ccI0b0Om.o
 .group         0x00000000        0xc /tmp/ccI0b0Om.o
 .group         0x00000000        0xc /tmp/ccI0b0Om.o
 .group         0x00000000        0xc /tmp/ccI0b0Om.o
 .group         0x00000000        0xc /tmp/ccI0b0Om.o
 .group         0x00000000        0xc /tmp/ccI0b0Om.o
 .group         0x00000000        0xc /tmp/ccI0b0Om.o
 .group         0x00000000        0xc /tmp/ccI0b0Om.o
 .group         0x00000000        0xc /tmp/ccI0b0Om.o
 .group         0x00000000        0xc /tmp/ccI0b0Om.o
 .text          0x00000000        0x0 /tmp/ccI0b0Om.o
 .data          0x00000000        0x0 /tmp/ccI0b0Om.o
 .bss           0x00000000        0x0 /tmp/ccI0b0Om.o
 .bss.zonkachar
                0x00000000        0x1 /tmp/ccI0b0Om.o
 .bss.zonkchar  0x00000000        0x4 /tmp/ccI0b0Om.o
 .data.charstr  0x00000000        0xf /tmp/ccI0b0Om.o
 .bss.pick      0x00000000        0x4 /tmp/ccI0b0Om.o
 .group         0x00000000        0xc /tmp/cc8IRS45.o
 .group         0x00000000        0xc /tmp/cc8IRS45.o
 .group         0x00000000        0xc /tmp/cc8IRS45.o
 .group         0x00000000        0xc /tmp/cc8IRS45.o
 .group         0x00000000        0xc /tmp/cc8IRS45.o
 .group         0x00000000        0xc /tmp/cc8IRS45.o
 .group         0x00000000        0xc /tmp/cc8IRS45.o
 .group         0x00000000        0xc /tmp/cc8IRS45.o
 .group         0x00000000        0xc /tmp/cc8IRS45.o
 .group         0x00000000        0xc /tmp/cc8IRS45.o
 .group         0x00000000        0xc /tmp/cc8IRS45.o
 .group         0x00000000        0xc /tmp/cc8IRS45.o
 .group         0x00000000        0xc /tmp/cc8IRS45.o
 .group         0x00000000        0xc /tmp/cc8IRS45.o
 .group         0x00000000        0xc /tmp/cc8IRS45.o
 .group         0x00000000        0xc /tmp/cc8IRS45.o
 .group         0x00000000        0xc /tmp/cc8IRS45.o
 .group         0x00000000        0xc /tmp/cc8IRS45.o
 .group         0x00000000        0xc /tmp/cc8IRS45.o
 .group         0x00000000        0xc /tmp/cc8IRS45.o
 .group         0x00000000        0xc /tmp/cc8IRS45.o
 .group         0x00000000        0xc /tmp/cc8IRS45.o
 .group         0x00000000        0xc /tmp/cc8IRS45.o
 .group         0x00000000        0xc /tmp/cc8IRS45.o
 .group         0x00000000        0xc /tmp/cc8IRS45.o
 .group         0x00000000        0xc /tmp/cc8IRS45.o
 .group         0x00000000        0xc /tmp/cc8IRS45.o
 .group         0x00000000        0xc /tmp/cc8IRS45.o
 .text          0x00000000        0x0 /tmp/cc8IRS45.o
 .data          0x00000000        0x0 /tmp/cc8IRS45.o
 .bss           0x00000000        0x0 /tmp/cc8IRS45.o
 .text.uart_read_ready
                0x00000000        0x8 /tmp/cc8IRS45.o
 .text.uart_read_byte
                0x00000000        0x6 /tmp/cc8IRS45.o
 .debug_macro   0x00000000      0xacc /tmp/cc8IRS45.o
 .debug_macro   0x00000000       0x22 /tmp/cc8IRS45.o
 .debug_macro   0x00000000       0x54 /tmp/cc8IRS45.o
 .debug_macro   0x00000000       0x2a /tmp/cc8IRS45.o
 .debug_macro   0x00000000       0x94 /tmp/cc8IRS45.o
 .debug_macro   0x00000000       0x43 /tmp/cc8IRS45.o
 .debug_macro   0x00000000      0x103 /tmp/cc8IRS45.o
 .debug_macro   0x00000000       0x3a /tmp/cc8IRS45.o
 .debug_macro   0x00000000      0x34e /tmp/cc8IRS45.o
 .debug_macro   0x00000000       0x89 /tmp/cc8IRS45.o
 .debug_macro   0x00000000      0x379 /tmp/cc8IRS45.o
 .debug_macro   0x00000000       0x22 /tmp/cc8IRS45.o
 .debug_macro   0x00000000       0x16 /tmp/cc8IRS45.o
 .debug_macro   0x00000000       0xa5 /tmp/cc8IRS45.o
 .debug_macro   0x00000000       0x9b /tmp/cc8IRS45.o
 .debug_macro   0x00000000       0x57 /tmp/cc8IRS45.o
 .debug_macro   0x00000000      0x370 /tmp/cc8IRS45.o
 .debug_macro   0x00000000       0x16 /tmp/cc8IRS45.o
 .debug_macro   0x00000000       0x4a /tmp/cc8IRS45.o
 .debug_macro   0x00000000       0x34 /tmp/cc8IRS45.o
 .debug_macro   0x00000000       0x10 /tmp/cc8IRS45.o
 .debug_macro   0x00000000       0x52 /tmp/cc8IRS45.o
 .debug_macro   0x00000000       0x8e /tmp/cc8IRS45.o
 .debug_macro   0x00000000       0x1c /tmp/cc8IRS45.o
 .debug_macro   0x00000000      0x177 /tmp/cc8IRS45.o
 .debug_macro   0x00000000       0x16 /tmp/cc8IRS45.o
 .debug_macro   0x00000000       0x29 /tmp/cc8IRS45.o
 .debug_macro   0x00000000       0x58 /tmp/cc8IRS45.o
 .group         0x00000000        0xc /tmp/cc3wGzk0.o
 .group         0x00000000        0xc /tmp/cc3wGzk0.o
 .group         0x00000000        0xc /tmp/cc3wGzk0.o
 .group         0x00000000        0xc /tmp/cc3wGzk0.o
 .group         0x00000000        0xc /tmp/cc3wGzk0.o
 .group         0x00000000        0xc /tmp/cc3wGzk0.o
 .group         0x00000000        0xc /tmp/cc3wGzk0.o
 .group         0x00000000        0xc /tmp/cc3wGzk0.o
 .group         0x00000000        0xc /tmp/cc3wGzk0.o
 .group         0x00000000        0xc /tmp/cc3wGzk0.o
 .group         0x00000000        0xc /tmp/cc3wGzk0.o
 .text          0x00000000        0x0 /tmp/cc3wGzk0.o
 .data          0x00000000        0x0 /tmp/cc3wGzk0.o
 .bss           0x00000000        0x0 /tmp/cc3wGzk0.o
 .text.lenghtofarray
                0x00000000        0x4 /tmp/cc3wGzk0.o
 .debug_macro   0x00000000      0xacc /tmp/cc3wGzk0.o
 .debug_macro   0x00000000       0x22 /tmp/cc3wGzk0.o
 .debug_macro   0x00000000       0x54 /tmp/cc3wGzk0.o
 .debug_macro   0x00000000       0x2a /tmp/cc3wGzk0.o
 .debug_macro   0x00000000       0x94 /tmp/cc3wGzk0.o
 .debug_macro   0x00000000       0x43 /tmp/cc3wGzk0.o
 .debug_macro   0x00000000      0x103 /tmp/cc3wGzk0.o
 .debug_macro   0x00000000       0x3a /tmp/cc3wGzk0.o
 .debug_macro   0x00000000      0x34e /tmp/cc3wGzk0.o
 .debug_macro   0x00000000       0x89 /tmp/cc3wGzk0.o
 .debug_macro   0x00000000      0x379 /tmp/cc3wGzk0.o
 .group         0x00000000        0xc /tmp/ccGD1KAD.o
 .group         0x00000000        0xc /tmp/ccGD1KAD.o
 .group         0x00000000        0xc /tmp/ccGD1KAD.o
 .group         0x00000000        0xc /tmp/ccGD1KAD.o
 .group         0x00000000        0xc /tmp/ccGD1KAD.o
 .group         0x00000000        0xc /tmp/ccGD1KAD.o
 .group         0x00000000        0xc /tmp/ccGD1KAD.o
 .group         0x00000000        0xc /tmp/ccGD1KAD.o
 .group         0x00000000        0xc /tmp/ccGD1KAD.o
 .group         0x00000000        0xc /tmp/ccGD1KAD.o
 .group         0x00000000        0xc /tmp/ccGD1KAD.o
 .group         0x00000000        0xc /tmp/ccGD1KAD.o
 .group         0x00000000        0xc /tmp/ccGD1KAD.o
 .group         0x00000000        0xc /tmp/ccGD1KAD.o
 .group         0x00000000        0xc /tmp/ccGD1KAD.o
 .group         0x00000000        0xc /tmp/ccGD1KAD.o
 .group         0x00000000        0xc /tmp/ccGD1KAD.o
 .group         0x00000000        0xc /tmp/ccGD1KAD.o
 .group         0x00000000        0xc /tmp/ccGD1KAD.o
 .group         0x00000000        0xc /tmp/ccGD1KAD.o
 .group         0x00000000        0xc /tmp/ccGD1KAD.o
 .group         0x00000000        0xc /tmp/ccGD1KAD.o
 .group         0x00000000        0xc /tmp/ccGD1KAD.o
 .group         0x00000000        0xc /tmp/ccGD1KAD.o
 .group         0x00000000        0xc /tmp/ccGD1KAD.o
 .group         0x00000000        0xc /tmp/ccGD1KAD.o
 .group         0x00000000        0xc /tmp/ccGD1KAD.o
 .text          0x00000000        0x0 /tmp/ccGD1KAD.o
 .data          0x00000000        0x0 /tmp/ccGD1KAD.o
 .bss           0x00000000        0x0 /tmp/ccGD1KAD.o
 .debug_macro   0x00000000      0xacc /tmp/ccGD1KAD.o
 .debug_macro   0x00000000       0x2a /tmp/ccGD1KAD.o
 .debug_macro   0x00000000       0x22 /tmp/ccGD1KAD.o
 .debug_macro   0x00000000       0x54 /tmp/ccGD1KAD.o
 .debug_macro   0x00000000       0x94 /tmp/ccGD1KAD.o
 .debug_macro   0x00000000       0x43 /tmp/ccGD1KAD.o
 .debug_macro   0x00000000       0x16 /tmp/ccGD1KAD.o
 .debug_macro   0x00000000       0x9b /tmp/ccGD1KAD.o
 .debug_macro   0x00000000       0x57 /tmp/ccGD1KAD.o
 .debug_macro   0x00000000      0x370 /tmp/ccGD1KAD.o
 .debug_macro   0x00000000       0x16 /tmp/ccGD1KAD.o
 .debug_macro   0x00000000       0x4a /tmp/ccGD1KAD.o
 .debug_macro   0x00000000       0x34 /tmp/ccGD1KAD.o
 .debug_macro   0x00000000       0x10 /tmp/ccGD1KAD.o
 .debug_macro   0x00000000       0x52 /tmp/ccGD1KAD.o
 .debug_macro   0x00000000       0x8e /tmp/ccGD1KAD.o
 .debug_macro   0x00000000       0x1c /tmp/ccGD1KAD.o
 .debug_macro   0x00000000      0x177 /tmp/ccGD1KAD.o
 .debug_macro   0x00000000       0x16 /tmp/ccGD1KAD.o
 .debug_macro   0x00000000       0x29 /tmp/ccGD1KAD.o
 .debug_macro   0x00000000      0x103 /tmp/ccGD1KAD.o
 .debug_macro   0x00000000      0x34e /tmp/ccGD1KAD.o
 .debug_macro   0x00000000       0x58 /tmp/ccGD1KAD.o
 .text          0x00000000       0xd8 /usr/lib/gcc/arm-none-eabi/13.2.1/../../../arm-none-eabi/lib/thumb/v7e-m+fp/hard/libc_nano.a(libc_a-strlen.o)
 .data          0x00000000        0x0 /usr/lib/gcc/arm-none-eabi/13.2.1/../../../arm-none-eabi/lib/thumb/v7e-m+fp/hard/libc_nano.a(libc_a-strlen.o)
 .bss           0x00000000        0x0 /usr/lib/gcc/arm-none-eabi/13.2.1/../../../arm-none-eabi/lib/thumb/v7e-m+fp/hard/libc_nano.a(libc_a-strlen.o)
 .ARM.extab     0x00000000        0x0 /usr/lib/gcc/arm-none-eabi/13.2.1/../../../arm-none-eabi/lib/thumb/v7e-m+fp/hard/libc_nano.a(libc_a-strlen.o)
 .ARM.exidx     0x00000000        0x8 /usr/lib/gcc/arm-none-eabi/13.2.1/../../../arm-none-eabi/lib/thumb/v7e-m+fp/hard/libc_nano.a(libc_a-strlen.o)
 .debug_line    0x00000000       0x86 /usr/lib/gcc/arm-none-eabi/13.2.1/../../../arm-none-eabi/lib/thumb/v7e-m+fp/hard/libc_nano.a(libc_a-strlen.o)
 .debug_line_str
                0x00000000       0x98 /usr/lib/gcc/arm-none-eabi/13.2.1/../../../arm-none-eabi/lib/thumb/v7e-m+fp/hard/libc_nano.a(libc_a-strlen.o)
 .debug_info    0x00000000       0x33 /usr/lib/gcc/arm-none-eabi/13.2.1/../../../arm-none-eabi/lib/thumb/v7e-m+fp/hard/libc_nano.a(libc_a-strlen.o)
 .debug_abbrev  0x00000000       0x28 /usr/lib/gcc/arm-none-eabi/13.2.1/../../../arm-none-eabi/lib/thumb/v7e-m+fp/hard/libc_nano.a(libc_a-strlen.o)
 .debug_aranges
                0x00000000       0x20 /usr/lib/gcc/arm-none-eabi/13.2.1/../../../arm-none-eabi/lib/thumb/v7e-m+fp/hard/libc_nano.a(libc_a-strlen.o)
 .debug_str     0x00000000       0xab /usr/lib/gcc/arm-none-eabi/13.2.1/../../../arm-none-eabi/lib/thumb/v7e-m+fp/hard/libc_nano.a(libc_a-strlen.o)
 .eh_frame      0x00000000       0x34 /usr/lib/gcc/arm-none-eabi/13.2.1/../../../arm-none-eabi/lib/thumb/v7e-m+fp/hard/libc_nano.a(libc_a-strlen.o)
 .ARM.attributes
                0x00000000       0x1c /usr/lib/gcc/arm-none-eabi/13.2.1/../../../arm-none-eabi/lib/thumb/v7e-m+fp/hard/libc_nano.a(libc_a-strlen.o)
 .data          0x00000000        0x0 /usr/lib/gcc/arm-none-eabi/13.2.1/../../../arm-none-eabi/lib/thumb/v7e-m+fp/hard/libc_nano.a(libc_a-memset.o)
 .bss           0x00000000        0x0 /usr/lib/gcc/arm-none-eabi/13.2.1/../../../arm-none-eabi/lib/thumb/v7e-m+fp/hard/libc_nano.a(libc_a-memset.o)
 .data          0x00000000        0x0 /usr/lib/gcc/arm-none-eabi/13.2.1/../../../arm-none-eabi/lib/thumb/v7e-m+fp/hard/libc_nano.a(libc_a-memcpy.o)
 .bss           0x00000000        0x0 /usr/lib/gcc/arm-none-eabi/13.2.1/../../../arm-none-eabi/lib/thumb/v7e-m+fp/hard/libc_nano.a(libc_a-memcpy.o)
 .ARM.extab     0x00000000        0x0 /usr/lib/gcc/arm-none-eabi/13.2.1/../../../arm-none-eabi/lib/thumb/v7e-m+fp/hard/libc_nano.a(libc_a-memcpy.o)
 .eh_frame      0x00000000       0x2c /usr/lib/gcc/arm-none-eabi/13.2.1/../../../arm-none-eabi/lib/thumb/v7e-m+fp/hard/libc_nano.a(libc_a-memcpy.o)

Memory Configuration

Name             Origin             Length             Attributes
flash            0x08000000         0x00200000         xr
sram             0x20000000         0x00030000         xrw
*default*        0x00000000         0xffffffff

Linker script and memory map

LOAD /tmp/ccI0b0Om.o
LOAD /tmp/cc8IRS45.o
LOAD /tmp/cc3wGzk0.o
LOAD /tmp/ccGD1KAD.o
LOAD /usr/lib/gcc/arm-none-eabi/13.2.1/../../../arm-none-eabi/lib/thumb/v7e-m+fp/hard/libc_nano.a
LOAD /usr/lib/gcc/arm-none-eabi/13.2.1/thumb/v7e-m+fp/hard/libgcc.a
                0x20030000                        _estack = (ORIGIN (sram) + LENGTH (sram))

.vectors        0x08000000      0x1ac
 *(.vectors)
 .vectors       0x08000000      0x1ac /tmp/ccI0b0Om.o
                0x08000000                tab

.text           0x080001ac      0x560
 *(.text*)
 .text.SysTick_Handler
                0x080001ac       0x10 /tmp/ccI0b0Om.o
                0x080001ac                SysTick_Handler
 .text.USART1_IRQHandler
                0x080001bc       0x2c /tmp/ccI0b0Om.o
                0x080001bc                USART1_IRQHandler
 .text.USART2_IRQHandler
                0x080001e8       0x2c /tmp/ccI0b0Om.o
                0x080001e8                USART2_IRQHandler
 .text.startup.main
                0x08000214       0xc0 /tmp/ccI0b0Om.o
                0x08000214                main
 .text._reset   0x080002d4       0x4c /tmp/ccI0b0Om.o
                0x080002d4                _reset
 .text.spin     0x08000320       0x14 /tmp/cc8IRS45.o
                0x08000320                spin
 .text.uart_write_byte
                0x08000334       0x16 /tmp/cc8IRS45.o
                0x08000334                uart_write_byte
 *fill*         0x0800034a        0x2 
 .text.uart_init
                0x0800034c      0x110 /tmp/cc8IRS45.o
                0x0800034c                uart_init
 .text.uart_write_buf
                0x0800045c       0x1c /tmp/cc8IRS45.o
                0x0800045c                uart_write_buf
 .text.int2char
                0x08000478       0x42 /tmp/cc3wGzk0.o
                0x08000478                int2char
 *fill*         0x080004ba        0x2 
 .text.Can_Init
                0x080004bc       0x78 /tmp/ccGD1KAD.o
                0x080004bc                Can_Init
 .text          0x08000534       0xa4 /usr/lib/gcc/arm-none-eabi/13.2.1/../../../arm-none-eabi/lib/thumb/v7e-m+fp/hard/libc_nano.a(libc_a-memset.o)
                0x08000534                memset
 .text          0x080005d8      0x134 /usr/lib/gcc/arm-none-eabi/13.2.1/../../../arm-none-eabi/lib/thumb/v7e-m+fp/hard/libc_nano.a(libc_a-memcpy.o)
                0x080005d8                memcpy

.glue_7         0x0800070c        0x0
 .glue_7        0x0800070c        0x0 linker stubs

.glue_7t        0x0800070c        0x0
 .glue_7t       0x0800070c        0x0 linker stubs

.vfp11_veneer   0x0800070c        0x0
 .vfp11_veneer  0x0800070c        0x0 linker stubs

.v4_bx          0x0800070c        0x0
 .v4_bx         0x0800070c        0x0 linker stubs

.iplt           0x0800070c        0x0
 .iplt          0x0800070c        0x0 /tmp/ccI0b0Om.o

.rel.dyn        0x0800070c        0x0
 .rel.iplt      0x0800070c        0x0 /tmp/ccI0b0Om.o

.rodata
 *(.rodata*)

.ARM.exidx      0x0800070c        0x8
 .ARM.exidx     0x0800070c        0x8 /usr/lib/gcc/arm-none-eabi/13.2.1/../../../arm-none-eabi/lib/thumb/v7e-m+fp/hard/libc_nano.a(libc_a-memcpy.o)

.data           0x20000000        0x4 load address 0x08000714
                0x20000000                        _sdata = .
 *(.first_data)
 *(.data SORT_BY_NAME(.data.*))
 .data.myNum    0x20000000        0x4 /tmp/ccI0b0Om.o
                0x20000000                myNum
                0x20000004                        _edata = .
                0x08000714                        _sidata = LOADADDR (.data)

.igot.plt       0x20000004        0x0 load address 0x08000718
 .igot.plt      0x20000004        0x0 /tmp/ccI0b0Om.o

.bss            0x20000004       0x18 load address 0x08000718
                0x20000004                        _sbss = .
 *(.bss SORT_BY_NAME(.bss.*) COMMON)
 .bss.bla       0x20000004        0x1 /tmp/ccI0b0Om.o
                0x20000004                bla
 .bss.kazuka    0x20000005        0x1 /tmp/ccI0b0Om.o
                0x20000005                kazuka
 *fill*         0x20000006        0x2 
 .bss.lenght    0x20000008        0x4 /tmp/ccI0b0Om.o
                0x20000008                lenght
 .bss.txt       0x2000000c        0xa /tmp/ccI0b0Om.o
                0x2000000c                txt
 *fill*         0x20000016        0x2 
 .bss.zonk      0x20000018        0x4 /tmp/ccI0b0Om.o
                0x20000018                zonk
                0x2000001c                        _ebss = .
                0x20000020                        . = ALIGN (0x8)
                0x20000020                        _end = .
OUTPUT(firmware.elf elf32-littlearm)
LOAD linker stubs

.debug_info     0x00000000     0x1c5f
 .debug_info    0x00000000      0xc5e /tmp/ccI0b0Om.o
 .debug_info    0x00000c5e      0x553 /tmp/cc8IRS45.o
 .debug_info    0x000011b1      0x155 /tmp/cc3wGzk0.o
 .debug_info    0x00001306      0x7f1 /tmp/ccGD1KAD.o
 .debug_info    0x00001af7      0x135 /usr/lib/gcc/arm-none-eabi/13.2.1/../../../arm-none-eabi/lib/thumb/v7e-m+fp/hard/libc_nano.a(libc_a-memset.o)
 .debug_info    0x00001c2c       0x33 /usr/lib/gcc/arm-none-eabi/13.2.1/../../../arm-none-eabi/lib/thumb/v7e-m+fp/hard/libc_nano.a(libc_a-memcpy.o)

.debug_abbrev   0x00000000      0x717
 .debug_abbrev  0x00000000      0x2cb /tmp/ccI0b0Om.o
 .debug_abbrev  0x000002cb      0x17c /tmp/cc8IRS45.o
 .debug_abbrev  0x00000447       0xee /tmp/cc3wGzk0.o
 .debug_abbrev  0x00000535      0x103 /tmp/ccGD1KAD.o
 .debug_abbrev  0x00000638       0xb7 /usr/lib/gcc/arm-none-eabi/13.2.1/../../../arm-none-eabi/lib/thumb/v7e-m+fp/hard/libc_nano.a(libc_a-memset.o)
 .debug_abbrev  0x000006ef       0x28 /usr/lib/gcc/arm-none-eabi/13.2.1/../../../arm-none-eabi/lib/thumb/v7e-m+fp/hard/libc_nano.a(libc_a-memcpy.o)

.debug_loclists
                0x00000000      0x37c
 .debug_loclists
                0x00000000       0x1c /tmp/ccI0b0Om.o
 .debug_loclists
                0x0000001c       0x9d /tmp/cc8IRS45.o
 .debug_loclists
                0x000000b9      0x101 /tmp/cc3wGzk0.o
 .debug_loclists
                0x000001ba      0x1c2 /usr/lib/gcc/arm-none-eabi/13.2.1/../../../arm-none-eabi/lib/thumb/v7e-m+fp/hard/libc_nano.a(libc_a-memset.o)

.debug_aranges  0x00000000      0x110
 .debug_aranges
                0x00000000       0x40 /tmp/ccI0b0Om.o
 .debug_aranges
                0x00000040       0x48 /tmp/cc8IRS45.o
 .debug_aranges
                0x00000088       0x28 /tmp/cc3wGzk0.o
 .debug_aranges
                0x000000b0       0x20 /tmp/ccGD1KAD.o
 .debug_aranges
                0x000000d0       0x20 /usr/lib/gcc/arm-none-eabi/13.2.1/../../../arm-none-eabi/lib/thumb/v7e-m+fp/hard/libc_nano.a(libc_a-memset.o)
 .debug_aranges
                0x000000f0       0x20 /usr/lib/gcc/arm-none-eabi/13.2.1/../../../arm-none-eabi/lib/thumb/v7e-m+fp/hard/libc_nano.a(libc_a-memcpy.o)

.debug_rnglists
                0x00000000       0xa5
 .debug_rnglists
                0x00000000       0x47 /tmp/ccI0b0Om.o
 .debug_rnglists
                0x00000047       0x32 /tmp/cc8IRS45.o
 .debug_rnglists
                0x00000079       0x19 /tmp/cc3wGzk0.o
 .debug_rnglists
                0x00000092       0x13 /tmp/ccGD1KAD.o

.debug_macro    0x00000000     0x278e
 .debug_macro   0x00000000      0x172 /tmp/ccI0b0Om.o
 .debug_macro   0x00000172      0xacc /tmp/ccI0b0Om.o
 .debug_macro   0x00000c3e       0x22 /tmp/ccI0b0Om.o
 .debug_macro   0x00000c60       0x54 /tmp/ccI0b0Om.o
 .debug_macro   0x00000cb4       0x2a /tmp/ccI0b0Om.o
 .debug_macro   0x00000cde       0x94 /tmp/ccI0b0Om.o
 .debug_macro   0x00000d72       0x43 /tmp/ccI0b0Om.o
 .debug_macro   0x00000db5      0x103 /tmp/ccI0b0Om.o
 .debug_macro   0x00000eb8       0x3a /tmp/ccI0b0Om.o
 .debug_macro   0x00000ef2      0x34e /tmp/ccI0b0Om.o
 .debug_macro   0x00001240       0x89 /tmp/ccI0b0Om.o
 .debug_macro   0x000012c9      0x379 /tmp/ccI0b0Om.o
 .debug_macro   0x00001642       0x22 /tmp/ccI0b0Om.o
 .debug_macro   0x00001664       0x16 /tmp/ccI0b0Om.o
 .debug_macro   0x0000167a       0xa5 /tmp/ccI0b0Om.o
 .debug_macro   0x0000171f       0x9b /tmp/ccI0b0Om.o
 .debug_macro   0x000017ba       0x57 /tmp/ccI0b0Om.o
 .debug_macro   0x00001811      0x370 /tmp/ccI0b0Om.o
 .debug_macro   0x00001b81       0x16 /tmp/ccI0b0Om.o
 .debug_macro   0x00001b97       0x4a /tmp/ccI0b0Om.o
 .debug_macro   0x00001be1       0x34 /tmp/ccI0b0Om.o
 .debug_macro   0x00001c15       0x10 /tmp/ccI0b0Om.o
 .debug_macro   0x00001c25       0x52 /tmp/ccI0b0Om.o
 .debug_macro   0x00001c77       0x8e /tmp/ccI0b0Om.o
 .debug_macro   0x00001d05       0x1c /tmp/ccI0b0Om.o
 .debug_macro   0x00001d21      0x177 /tmp/ccI0b0Om.o
 .debug_macro   0x00001e98       0x16 /tmp/ccI0b0Om.o
 .debug_macro   0x00001eae       0x29 /tmp/ccI0b0Om.o
 .debug_macro   0x00001ed7       0x58 /tmp/ccI0b0Om.o
 .debug_macro   0x00001f2f       0x10 /tmp/ccI0b0Om.o
 .debug_macro   0x00001f3f      0x159 /tmp/cc8IRS45.o
 .debug_macro   0x00002098       0x97 /tmp/cc3wGzk0.o
 .debug_macro   0x0000212f      0x15a /tmp/ccGD1KAD.o
 .debug_macro   0x00002289       0x34 /tmp/ccGD1KAD.o
 .debug_macro   0x000022bd      0x11c /tmp/ccGD1KAD.o
 .debug_macro   0x000023d9       0x3c /tmp/ccGD1KAD.o
 .debug_macro   0x00002415      0x379 /tmp/ccGD1KAD.o

.debug_line     0x00000000      0xf39
 .debug_line    0x00000000      0x3c0 /tmp/ccI0b0Om.o
 .debug_line    0x000003c0      0x45a /tmp/cc8IRS45.o
 .debug_line    0x0000081a      0x214 /tmp/cc3wGzk0.o
 .debug_line    0x00000a2e      0x29c /tmp/ccGD1KAD.o
 .debug_line    0x00000cca      0x1b6 /usr/lib/gcc/arm-none-eabi/13.2.1/../../../arm-none-eabi/lib/thumb/v7e-m+fp/hard/libc_nano.a(libc_a-memset.o)
 .debug_line    0x00000e80       0xb9 /usr/lib/gcc/arm-none-eabi/13.2.1/../../../arm-none-eabi/lib/thumb/v7e-m+fp/hard/libc_nano.a(libc_a-memcpy.o)

.debug_str      0x00000000     0x859c
 .debug_str     0x00000000     0x859c /tmp/ccI0b0Om.o
                               0x857f (size before relaxing)
 .debug_str     0x0000859c     0x82a4 /tmp/cc8IRS45.o
 .debug_str     0x0000859c     0x4e3e /tmp/cc3wGzk0.o
 .debug_str     0x0000859c     0x83e8 /tmp/ccGD1KAD.o
 .debug_str     0x0000859c      0x1ad /usr/lib/gcc/arm-none-eabi/13.2.1/../../../arm-none-eabi/lib/thumb/v7e-m+fp/hard/libc_nano.a(libc_a-memset.o)
 .debug_str     0x0000859c       0xac /usr/lib/gcc/arm-none-eabi/13.2.1/../../../arm-none-eabi/lib/thumb/v7e-m+fp/hard/libc_nano.a(libc_a-memcpy.o)

.comment        0x00000000       0x26
 .comment       0x00000000       0x26 /tmp/ccI0b0Om.o
                                 0x27 (size before relaxing)
 .comment       0x00000026       0x27 /tmp/cc8IRS45.o
 .comment       0x00000026       0x27 /tmp/cc3wGzk0.o
 .comment       0x00000026       0x27 /tmp/ccGD1KAD.o
 .comment       0x00000026       0x27 /usr/lib/gcc/arm-none-eabi/13.2.1/../../../arm-none-eabi/lib/thumb/v7e-m+fp/hard/libc_nano.a(libc_a-memset.o)

.ARM.attributes
                0x00000000       0x32
 .ARM.attributes
                0x00000000       0x34 /tmp/ccI0b0Om.o
 .ARM.attributes
                0x00000034       0x34 /tmp/cc8IRS45.o
 .ARM.attributes
                0x00000068       0x34 /tmp/cc3wGzk0.o
 .ARM.attributes
                0x0000009c       0x34 /tmp/ccGD1KAD.o
 .ARM.attributes
                0x000000d0       0x34 /usr/lib/gcc/arm-none-eabi/13.2.1/../../../arm-none-eabi/lib/thumb/v7e-m+fp/hard/libc_nano.a(libc_a-memset.o)
 .ARM.attributes
                0x00000104       0x20 /usr/lib/gcc/arm-none-eabi/13.2.1/../../../arm-none-eabi/lib/thumb/v7e-m+fp/hard/libc_nano.a(libc_a-memcpy.o)

.debug_frame    0x00000000      0x190
 .debug_frame   0x00000000       0x78 /tmp/ccI0b0Om.o
 .debug_frame   0x00000078       0x90 /tmp/cc8IRS45.o
 .debug_frame   0x00000108       0x3c /tmp/cc3wGzk0.o
 .debug_frame   0x00000144       0x20 /tmp/ccGD1KAD.o
 .debug_frame   0x00000164       0x2c /usr/lib/gcc/arm-none-eabi/13.2.1/../../../arm-none-eabi/lib/thumb/v7e-m+fp/hard/libc_nano.a(libc_a-memset.o)

.debug_line_str
                0x00000000       0x99
 .debug_line_str
                0x00000000       0x99 /usr/lib/gcc/arm-none-eabi/13.2.1/../../../arm-none-eabi/lib/thumb/v7e-m+fp/hard/libc_nano.a(libc_a-memcpy.o)
