Archive member included to satisfy reference by file (symbol)

/usr/lib/gcc/arm-none-eabi/13.2.1/../../../arm-none-eabi/lib/thumb/v7e-m+fp/hard/libc_nano.a(libc_a-strlen.o)
                              /tmp/cctdeiT8.o (strlen)
/usr/lib/gcc/arm-none-eabi/13.2.1/../../../arm-none-eabi/lib/thumb/v7e-m+fp/hard/libc_nano.a(libc_a-memset.o)
                              /tmp/ccon9wzp.o (memset)
/usr/lib/gcc/arm-none-eabi/13.2.1/../../../arm-none-eabi/lib/thumb/v7e-m+fp/hard/libc_nano.a(libc_a-memcpy.o)
                              /tmp/ccon9wzp.o (memcpy)

Discarded input sections

 .group         0x00000000        0xc /tmp/ccon9wzp.o
 .group         0x00000000        0xc /tmp/ccon9wzp.o
 .group         0x00000000        0xc /tmp/ccon9wzp.o
 .group         0x00000000        0xc /tmp/ccon9wzp.o
 .group         0x00000000        0xc /tmp/ccon9wzp.o
 .group         0x00000000        0xc /tmp/ccon9wzp.o
 .group         0x00000000        0xc /tmp/ccon9wzp.o
 .group         0x00000000        0xc /tmp/ccon9wzp.o
 .group         0x00000000        0xc /tmp/ccon9wzp.o
 .group         0x00000000        0xc /tmp/ccon9wzp.o
 .group         0x00000000        0xc /tmp/ccon9wzp.o
 .group         0x00000000        0xc /tmp/ccon9wzp.o
 .group         0x00000000        0xc /tmp/ccon9wzp.o
 .group         0x00000000        0xc /tmp/ccon9wzp.o
 .group         0x00000000        0xc /tmp/ccon9wzp.o
 .group         0x00000000        0xc /tmp/ccon9wzp.o
 .group         0x00000000        0xc /tmp/ccon9wzp.o
 .group         0x00000000        0xc /tmp/ccon9wzp.o
 .group         0x00000000        0xc /tmp/ccon9wzp.o
 .group         0x00000000        0xc /tmp/ccon9wzp.o
 .group         0x00000000        0xc /tmp/ccon9wzp.o
 .group         0x00000000        0xc /tmp/ccon9wzp.o
 .group         0x00000000        0xc /tmp/ccon9wzp.o
 .group         0x00000000        0xc /tmp/ccon9wzp.o
 .group         0x00000000        0xc /tmp/ccon9wzp.o
 .group         0x00000000        0xc /tmp/ccon9wzp.o
 .group         0x00000000        0xc /tmp/ccon9wzp.o
 .group         0x00000000        0xc /tmp/ccon9wzp.o
 .group         0x00000000        0xc /tmp/ccon9wzp.o
 .text          0x00000000        0x0 /tmp/ccon9wzp.o
 .data          0x00000000        0x0 /tmp/ccon9wzp.o
 .bss           0x00000000        0x0 /tmp/ccon9wzp.o
 .bss.zonkachar
                0x00000000        0x1 /tmp/ccon9wzp.o
 .bss.zonkchar  0x00000000        0x4 /tmp/ccon9wzp.o
 .bss.zonk      0x00000000        0x4 /tmp/ccon9wzp.o
 .data.charstr  0x00000000        0xf /tmp/ccon9wzp.o
 .bss.pick      0x00000000        0x4 /tmp/ccon9wzp.o
 .group         0x00000000        0xc /tmp/ccAIsuZI.o
 .group         0x00000000        0xc /tmp/ccAIsuZI.o
 .group         0x00000000        0xc /tmp/ccAIsuZI.o
 .group         0x00000000        0xc /tmp/ccAIsuZI.o
 .group         0x00000000        0xc /tmp/ccAIsuZI.o
 .group         0x00000000        0xc /tmp/ccAIsuZI.o
 .group         0x00000000        0xc /tmp/ccAIsuZI.o
 .group         0x00000000        0xc /tmp/ccAIsuZI.o
 .group         0x00000000        0xc /tmp/ccAIsuZI.o
 .group         0x00000000        0xc /tmp/ccAIsuZI.o
 .group         0x00000000        0xc /tmp/ccAIsuZI.o
 .group         0x00000000        0xc /tmp/ccAIsuZI.o
 .group         0x00000000        0xc /tmp/ccAIsuZI.o
 .group         0x00000000        0xc /tmp/ccAIsuZI.o
 .group         0x00000000        0xc /tmp/ccAIsuZI.o
 .group         0x00000000        0xc /tmp/ccAIsuZI.o
 .group         0x00000000        0xc /tmp/ccAIsuZI.o
 .group         0x00000000        0xc /tmp/ccAIsuZI.o
 .group         0x00000000        0xc /tmp/ccAIsuZI.o
 .group         0x00000000        0xc /tmp/ccAIsuZI.o
 .group         0x00000000        0xc /tmp/ccAIsuZI.o
 .group         0x00000000        0xc /tmp/ccAIsuZI.o
 .group         0x00000000        0xc /tmp/ccAIsuZI.o
 .group         0x00000000        0xc /tmp/ccAIsuZI.o
 .group         0x00000000        0xc /tmp/ccAIsuZI.o
 .group         0x00000000        0xc /tmp/ccAIsuZI.o
 .group         0x00000000        0xc /tmp/ccAIsuZI.o
 .group         0x00000000        0xc /tmp/ccAIsuZI.o
 .text          0x00000000        0x0 /tmp/ccAIsuZI.o
 .data          0x00000000        0x0 /tmp/ccAIsuZI.o
 .bss           0x00000000        0x0 /tmp/ccAIsuZI.o
 .text.uart_read_ready
                0x00000000        0x8 /tmp/ccAIsuZI.o
 .text.uart_read_byte
                0x00000000        0x6 /tmp/ccAIsuZI.o
 .debug_macro   0x00000000      0xacc /tmp/ccAIsuZI.o
 .debug_macro   0x00000000       0x22 /tmp/ccAIsuZI.o
 .debug_macro   0x00000000       0x54 /tmp/ccAIsuZI.o
 .debug_macro   0x00000000       0x2a /tmp/ccAIsuZI.o
 .debug_macro   0x00000000       0x94 /tmp/ccAIsuZI.o
 .debug_macro   0x00000000       0x43 /tmp/ccAIsuZI.o
 .debug_macro   0x00000000      0x103 /tmp/ccAIsuZI.o
 .debug_macro   0x00000000       0x3a /tmp/ccAIsuZI.o
 .debug_macro   0x00000000      0x34e /tmp/ccAIsuZI.o
 .debug_macro   0x00000000       0x89 /tmp/ccAIsuZI.o
 .debug_macro   0x00000000      0x379 /tmp/ccAIsuZI.o
 .debug_macro   0x00000000       0x22 /tmp/ccAIsuZI.o
 .debug_macro   0x00000000       0x16 /tmp/ccAIsuZI.o
 .debug_macro   0x00000000       0xa5 /tmp/ccAIsuZI.o
 .debug_macro   0x00000000       0x9b /tmp/ccAIsuZI.o
 .debug_macro   0x00000000       0x57 /tmp/ccAIsuZI.o
 .debug_macro   0x00000000      0x370 /tmp/ccAIsuZI.o
 .debug_macro   0x00000000       0x16 /tmp/ccAIsuZI.o
 .debug_macro   0x00000000       0x4a /tmp/ccAIsuZI.o
 .debug_macro   0x00000000       0x34 /tmp/ccAIsuZI.o
 .debug_macro   0x00000000       0x10 /tmp/ccAIsuZI.o
 .debug_macro   0x00000000       0x52 /tmp/ccAIsuZI.o
 .debug_macro   0x00000000       0x8e /tmp/ccAIsuZI.o
 .debug_macro   0x00000000       0x1c /tmp/ccAIsuZI.o
 .debug_macro   0x00000000      0x177 /tmp/ccAIsuZI.o
 .debug_macro   0x00000000       0x16 /tmp/ccAIsuZI.o
 .debug_macro   0x00000000       0x29 /tmp/ccAIsuZI.o
 .debug_macro   0x00000000       0x4c /tmp/ccAIsuZI.o
 .group         0x00000000        0xc /tmp/cctdeiT8.o
 .group         0x00000000        0xc /tmp/cctdeiT8.o
 .group         0x00000000        0xc /tmp/cctdeiT8.o
 .group         0x00000000        0xc /tmp/cctdeiT8.o
 .group         0x00000000        0xc /tmp/cctdeiT8.o
 .group         0x00000000        0xc /tmp/cctdeiT8.o
 .group         0x00000000        0xc /tmp/cctdeiT8.o
 .group         0x00000000        0xc /tmp/cctdeiT8.o
 .group         0x00000000        0xc /tmp/cctdeiT8.o
 .group         0x00000000        0xc /tmp/cctdeiT8.o
 .group         0x00000000        0xc /tmp/cctdeiT8.o
 .text          0x00000000        0x0 /tmp/cctdeiT8.o
 .data          0x00000000        0x0 /tmp/cctdeiT8.o
 .bss           0x00000000        0x0 /tmp/cctdeiT8.o
 .text.lenghtofarray
                0x00000000        0x4 /tmp/cctdeiT8.o
 .debug_macro   0x00000000      0xacc /tmp/cctdeiT8.o
 .debug_macro   0x00000000       0x22 /tmp/cctdeiT8.o
 .debug_macro   0x00000000       0x54 /tmp/cctdeiT8.o
 .debug_macro   0x00000000       0x2a /tmp/cctdeiT8.o
 .debug_macro   0x00000000       0x94 /tmp/cctdeiT8.o
 .debug_macro   0x00000000       0x43 /tmp/cctdeiT8.o
 .debug_macro   0x00000000      0x103 /tmp/cctdeiT8.o
 .debug_macro   0x00000000       0x3a /tmp/cctdeiT8.o
 .debug_macro   0x00000000      0x34e /tmp/cctdeiT8.o
 .debug_macro   0x00000000       0x89 /tmp/cctdeiT8.o
 .debug_macro   0x00000000      0x379 /tmp/cctdeiT8.o
 .text          0x00000000       0xd8 /usr/lib/gcc/arm-none-eabi/13.2.1/../../../arm-none-eabi/lib/thumb/v7e-m+fp/hard/libc_nano.a(libc_a-strlen.o)
 .data          0x00000000        0x0 /usr/lib/gcc/arm-none-eabi/13.2.1/../../../arm-none-eabi/lib/thumb/v7e-m+fp/hard/libc_nano.a(libc_a-strlen.o)
 .bss           0x00000000        0x0 /usr/lib/gcc/arm-none-eabi/13.2.1/../../../arm-none-eabi/lib/thumb/v7e-m+fp/hard/libc_nano.a(libc_a-strlen.o)
 .ARM.extab     0x00000000        0x0 /usr/lib/gcc/arm-none-eabi/13.2.1/../../../arm-none-eabi/lib/thumb/v7e-m+fp/hard/libc_nano.a(libc_a-strlen.o)
 .ARM.exidx     0x00000000        0x8 /usr/lib/gcc/arm-none-eabi/13.2.1/../../../arm-none-eabi/lib/thumb/v7e-m+fp/hard/libc_nano.a(libc_a-strlen.o)
 .debug_line    0x00000000       0x86 /usr/lib/gcc/arm-none-eabi/13.2.1/../../../arm-none-eabi/lib/thumb/v7e-m+fp/hard/libc_nano.a(libc_a-strlen.o)
 .debug_line_str
                0x00000000       0x98 /usr/lib/gcc/arm-none-eabi/13.2.1/../../../arm-none-eabi/lib/thumb/v7e-m+fp/hard/libc_nano.a(libc_a-strlen.o)
 .debug_info    0x00000000       0x33 /usr/lib/gcc/arm-none-eabi/13.2.1/../../../arm-none-eabi/lib/thumb/v7e-m+fp/hard/libc_nano.a(libc_a-strlen.o)
 .debug_abbrev  0x00000000       0x28 /usr/lib/gcc/arm-none-eabi/13.2.1/../../../arm-none-eabi/lib/thumb/v7e-m+fp/hard/libc_nano.a(libc_a-strlen.o)
 .debug_aranges
                0x00000000       0x20 /usr/lib/gcc/arm-none-eabi/13.2.1/../../../arm-none-eabi/lib/thumb/v7e-m+fp/hard/libc_nano.a(libc_a-strlen.o)
 .debug_str     0x00000000       0xab /usr/lib/gcc/arm-none-eabi/13.2.1/../../../arm-none-eabi/lib/thumb/v7e-m+fp/hard/libc_nano.a(libc_a-strlen.o)
 .eh_frame      0x00000000       0x34 /usr/lib/gcc/arm-none-eabi/13.2.1/../../../arm-none-eabi/lib/thumb/v7e-m+fp/hard/libc_nano.a(libc_a-strlen.o)
 .ARM.attributes
                0x00000000       0x1c /usr/lib/gcc/arm-none-eabi/13.2.1/../../../arm-none-eabi/lib/thumb/v7e-m+fp/hard/libc_nano.a(libc_a-strlen.o)
 .data          0x00000000        0x0 /usr/lib/gcc/arm-none-eabi/13.2.1/../../../arm-none-eabi/lib/thumb/v7e-m+fp/hard/libc_nano.a(libc_a-memset.o)
 .bss           0x00000000        0x0 /usr/lib/gcc/arm-none-eabi/13.2.1/../../../arm-none-eabi/lib/thumb/v7e-m+fp/hard/libc_nano.a(libc_a-memset.o)
 .data          0x00000000        0x0 /usr/lib/gcc/arm-none-eabi/13.2.1/../../../arm-none-eabi/lib/thumb/v7e-m+fp/hard/libc_nano.a(libc_a-memcpy.o)
 .bss           0x00000000        0x0 /usr/lib/gcc/arm-none-eabi/13.2.1/../../../arm-none-eabi/lib/thumb/v7e-m+fp/hard/libc_nano.a(libc_a-memcpy.o)
 .ARM.extab     0x00000000        0x0 /usr/lib/gcc/arm-none-eabi/13.2.1/../../../arm-none-eabi/lib/thumb/v7e-m+fp/hard/libc_nano.a(libc_a-memcpy.o)
 .eh_frame      0x00000000       0x2c /usr/lib/gcc/arm-none-eabi/13.2.1/../../../arm-none-eabi/lib/thumb/v7e-m+fp/hard/libc_nano.a(libc_a-memcpy.o)

Memory Configuration

Name             Origin             Length             Attributes
flash            0x08000000         0x00200000         xr
sram             0x20000000         0x00030000         xrw
*default*        0x00000000         0xffffffff

Linker script and memory map

LOAD /tmp/ccon9wzp.o
LOAD /tmp/ccAIsuZI.o
LOAD /tmp/cctdeiT8.o
LOAD /usr/lib/gcc/arm-none-eabi/13.2.1/../../../arm-none-eabi/lib/thumb/v7e-m+fp/hard/libc_nano.a
LOAD /usr/lib/gcc/arm-none-eabi/13.2.1/thumb/v7e-m+fp/hard/libgcc.a
                0x20030000                        _estack = (ORIGIN (sram) + LENGTH (sram))

.vectors        0x08000000      0x1ac
 *(.vectors)
 .vectors       0x08000000      0x1ac /tmp/ccon9wzp.o
                0x08000000                tab

.text           0x080001ac      0x4d0
 *(.text*)
 .text.SysTick_Handler
                0x080001ac       0x10 /tmp/ccon9wzp.o
                0x080001ac                SysTick_Handler
 .text.USART1_IRQHandler
                0x080001bc       0x2c /tmp/ccon9wzp.o
                0x080001bc                USART1_IRQHandler
 .text.USART2_IRQHandler
                0x080001e8       0x2c /tmp/ccon9wzp.o
                0x080001e8                USART2_IRQHandler
 .text.startup.main
                0x08000214       0xa8 /tmp/ccon9wzp.o
                0x08000214                main
 .text._reset   0x080002bc       0x4c /tmp/ccon9wzp.o
                0x080002bc                _reset
 .text.spin     0x08000308       0x14 /tmp/ccAIsuZI.o
                0x08000308                spin
 .text.uart_write_byte
                0x0800031c       0x16 /tmp/ccAIsuZI.o
                0x0800031c                uart_write_byte
 *fill*         0x08000332        0x2 
 .text.uart_init
                0x08000334      0x110 /tmp/ccAIsuZI.o
                0x08000334                uart_init
 .text.uart_write_buf
                0x08000444       0x1c /tmp/ccAIsuZI.o
                0x08000444                uart_write_buf
 .text.int2char
                0x08000460       0x42 /tmp/cctdeiT8.o
                0x08000460                int2char
 *fill*         0x080004a2        0x2 
 .text          0x080004a4       0xa4 /usr/lib/gcc/arm-none-eabi/13.2.1/../../../arm-none-eabi/lib/thumb/v7e-m+fp/hard/libc_nano.a(libc_a-memset.o)
                0x080004a4                memset
 .text          0x08000548      0x134 /usr/lib/gcc/arm-none-eabi/13.2.1/../../../arm-none-eabi/lib/thumb/v7e-m+fp/hard/libc_nano.a(libc_a-memcpy.o)
                0x08000548                memcpy

.glue_7         0x0800067c        0x0
 .glue_7        0x0800067c        0x0 linker stubs

.glue_7t        0x0800067c        0x0
 .glue_7t       0x0800067c        0x0 linker stubs

.vfp11_veneer   0x0800067c        0x0
 .vfp11_veneer  0x0800067c        0x0 linker stubs

.v4_bx          0x0800067c        0x0
 .v4_bx         0x0800067c        0x0 linker stubs

.iplt           0x0800067c        0x0
 .iplt          0x0800067c        0x0 /tmp/ccon9wzp.o

.rel.dyn        0x0800067c        0x0
 .rel.iplt      0x0800067c        0x0 /tmp/ccon9wzp.o

.rodata
 *(.rodata*)

.ARM.exidx      0x0800067c        0x8
 .ARM.exidx     0x0800067c        0x8 /usr/lib/gcc/arm-none-eabi/13.2.1/../../../arm-none-eabi/lib/thumb/v7e-m+fp/hard/libc_nano.a(libc_a-memcpy.o)

.data           0x20000000        0x4 load address 0x08000684
                0x20000000                        _sdata = .
 *(.first_data)
 *(.data SORT_BY_NAME(.data.*))
 .data.myNum    0x20000000        0x4 /tmp/ccon9wzp.o
                0x20000000                myNum
                0x20000004                        _edata = .
                0x08000684                        _sidata = LOADADDR (.data)

.igot.plt       0x20000004        0x0 load address 0x08000688
 .igot.plt      0x20000004        0x0 /tmp/ccon9wzp.o

.bss            0x20000004       0x12 load address 0x08000688
                0x20000004                        _sbss = .
 *(.bss SORT_BY_NAME(.bss.*) COMMON)
 .bss.bla       0x20000004        0x1 /tmp/ccon9wzp.o
                0x20000004                bla
 .bss.kazuka    0x20000005        0x1 /tmp/ccon9wzp.o
                0x20000005                kazuka
 *fill*         0x20000006        0x2 
 .bss.lenght    0x20000008        0x4 /tmp/ccon9wzp.o
                0x20000008                lenght
 .bss.txt       0x2000000c        0xa /tmp/ccon9wzp.o
                0x2000000c                txt
                0x20000016                        _ebss = .
                0x20000018                        . = ALIGN (0x8)
                0x20000018                        _end = .
OUTPUT(firmware.elf elf32-littlearm)
LOAD linker stubs

.debug_info     0x00000000      0xf1b
 .debug_info    0x00000000      0x70b /tmp/ccon9wzp.o
 .debug_info    0x0000070b      0x553 /tmp/ccAIsuZI.o
 .debug_info    0x00000c5e      0x155 /tmp/cctdeiT8.o
 .debug_info    0x00000db3      0x135 /usr/lib/gcc/arm-none-eabi/13.2.1/../../../arm-none-eabi/lib/thumb/v7e-m+fp/hard/libc_nano.a(libc_a-memset.o)
 .debug_info    0x00000ee8       0x33 /usr/lib/gcc/arm-none-eabi/13.2.1/../../../arm-none-eabi/lib/thumb/v7e-m+fp/hard/libc_nano.a(libc_a-memcpy.o)

.debug_abbrev   0x00000000      0x5e1
 .debug_abbrev  0x00000000      0x298 /tmp/ccon9wzp.o
 .debug_abbrev  0x00000298      0x17c /tmp/ccAIsuZI.o
 .debug_abbrev  0x00000414       0xee /tmp/cctdeiT8.o
 .debug_abbrev  0x00000502       0xb7 /usr/lib/gcc/arm-none-eabi/13.2.1/../../../arm-none-eabi/lib/thumb/v7e-m+fp/hard/libc_nano.a(libc_a-memset.o)
 .debug_abbrev  0x000005b9       0x28 /usr/lib/gcc/arm-none-eabi/13.2.1/../../../arm-none-eabi/lib/thumb/v7e-m+fp/hard/libc_nano.a(libc_a-memcpy.o)

.debug_loclists
                0x00000000      0x37c
 .debug_loclists
                0x00000000       0x1c /tmp/ccon9wzp.o
 .debug_loclists
                0x0000001c       0x9d /tmp/ccAIsuZI.o
 .debug_loclists
                0x000000b9      0x101 /tmp/cctdeiT8.o
 .debug_loclists
                0x000001ba      0x1c2 /usr/lib/gcc/arm-none-eabi/13.2.1/../../../arm-none-eabi/lib/thumb/v7e-m+fp/hard/libc_nano.a(libc_a-memset.o)

.debug_aranges  0x00000000       0xf0
 .debug_aranges
                0x00000000       0x40 /tmp/ccon9wzp.o
 .debug_aranges
                0x00000040       0x48 /tmp/ccAIsuZI.o
 .debug_aranges
                0x00000088       0x28 /tmp/cctdeiT8.o
 .debug_aranges
                0x000000b0       0x20 /usr/lib/gcc/arm-none-eabi/13.2.1/../../../arm-none-eabi/lib/thumb/v7e-m+fp/hard/libc_nano.a(libc_a-memset.o)
 .debug_aranges
                0x000000d0       0x20 /usr/lib/gcc/arm-none-eabi/13.2.1/../../../arm-none-eabi/lib/thumb/v7e-m+fp/hard/libc_nano.a(libc_a-memcpy.o)

.debug_rnglists
                0x00000000       0x92
 .debug_rnglists
                0x00000000       0x47 /tmp/ccon9wzp.o
 .debug_rnglists
                0x00000047       0x32 /tmp/ccAIsuZI.o
 .debug_rnglists
                0x00000079       0x19 /tmp/cctdeiT8.o

.debug_macro    0x00000000     0x2119
 .debug_macro   0x00000000      0x168 /tmp/ccon9wzp.o
 .debug_macro   0x00000168      0xacc /tmp/ccon9wzp.o
 .debug_macro   0x00000c34       0x22 /tmp/ccon9wzp.o
 .debug_macro   0x00000c56       0x54 /tmp/ccon9wzp.o
 .debug_macro   0x00000caa       0x2a /tmp/ccon9wzp.o
 .debug_macro   0x00000cd4       0x94 /tmp/ccon9wzp.o
 .debug_macro   0x00000d68       0x43 /tmp/ccon9wzp.o
 .debug_macro   0x00000dab      0x103 /tmp/ccon9wzp.o
 .debug_macro   0x00000eae       0x3a /tmp/ccon9wzp.o
 .debug_macro   0x00000ee8      0x34e /tmp/ccon9wzp.o
 .debug_macro   0x00001236       0x89 /tmp/ccon9wzp.o
 .debug_macro   0x000012bf      0x379 /tmp/ccon9wzp.o
 .debug_macro   0x00001638       0x22 /tmp/ccon9wzp.o
 .debug_macro   0x0000165a       0x16 /tmp/ccon9wzp.o
 .debug_macro   0x00001670       0xa5 /tmp/ccon9wzp.o
 .debug_macro   0x00001715       0x9b /tmp/ccon9wzp.o
 .debug_macro   0x000017b0       0x57 /tmp/ccon9wzp.o
 .debug_macro   0x00001807      0x370 /tmp/ccon9wzp.o
 .debug_macro   0x00001b77       0x16 /tmp/ccon9wzp.o
 .debug_macro   0x00001b8d       0x4a /tmp/ccon9wzp.o
 .debug_macro   0x00001bd7       0x34 /tmp/ccon9wzp.o
 .debug_macro   0x00001c0b       0x10 /tmp/ccon9wzp.o
 .debug_macro   0x00001c1b       0x52 /tmp/ccon9wzp.o
 .debug_macro   0x00001c6d       0x8e /tmp/ccon9wzp.o
 .debug_macro   0x00001cfb       0x1c /tmp/ccon9wzp.o
 .debug_macro   0x00001d17      0x177 /tmp/ccon9wzp.o
 .debug_macro   0x00001e8e       0x16 /tmp/ccon9wzp.o
 .debug_macro   0x00001ea4       0x29 /tmp/ccon9wzp.o
 .debug_macro   0x00001ecd       0x4c /tmp/ccon9wzp.o
 .debug_macro   0x00001f19       0x10 /tmp/ccon9wzp.o
 .debug_macro   0x00001f29      0x159 /tmp/ccAIsuZI.o
 .debug_macro   0x00002082       0x97 /tmp/cctdeiT8.o

.debug_line     0x00000000      0xc84
 .debug_line    0x00000000      0x3a7 /tmp/ccon9wzp.o
 .debug_line    0x000003a7      0x45a /tmp/ccAIsuZI.o
 .debug_line    0x00000801      0x214 /tmp/cctdeiT8.o
 .debug_line    0x00000a15      0x1b6 /usr/lib/gcc/arm-none-eabi/13.2.1/../../../arm-none-eabi/lib/thumb/v7e-m+fp/hard/libc_nano.a(libc_a-memset.o)
 .debug_line    0x00000bcb       0xb9 /usr/lib/gcc/arm-none-eabi/13.2.1/../../../arm-none-eabi/lib/thumb/v7e-m+fp/hard/libc_nano.a(libc_a-memcpy.o)

.debug_str      0x00000000     0x82fb
 .debug_str     0x00000000     0x82fb /tmp/ccon9wzp.o
                               0x8323 (size before relaxing)
 .debug_str     0x000082fb     0x8262 /tmp/ccAIsuZI.o
 .debug_str     0x000082fb     0x4e3e /tmp/cctdeiT8.o
 .debug_str     0x000082fb      0x1ad /usr/lib/gcc/arm-none-eabi/13.2.1/../../../arm-none-eabi/lib/thumb/v7e-m+fp/hard/libc_nano.a(libc_a-memset.o)
 .debug_str     0x000082fb       0xac /usr/lib/gcc/arm-none-eabi/13.2.1/../../../arm-none-eabi/lib/thumb/v7e-m+fp/hard/libc_nano.a(libc_a-memcpy.o)

.comment        0x00000000       0x26
 .comment       0x00000000       0x26 /tmp/ccon9wzp.o
                                 0x27 (size before relaxing)
 .comment       0x00000026       0x27 /tmp/ccAIsuZI.o
 .comment       0x00000026       0x27 /tmp/cctdeiT8.o
 .comment       0x00000026       0x27 /usr/lib/gcc/arm-none-eabi/13.2.1/../../../arm-none-eabi/lib/thumb/v7e-m+fp/hard/libc_nano.a(libc_a-memset.o)

.ARM.attributes
                0x00000000       0x32
 .ARM.attributes
                0x00000000       0x34 /tmp/ccon9wzp.o
 .ARM.attributes
                0x00000034       0x34 /tmp/ccAIsuZI.o
 .ARM.attributes
                0x00000068       0x34 /tmp/cctdeiT8.o
 .ARM.attributes
                0x0000009c       0x34 /usr/lib/gcc/arm-none-eabi/13.2.1/../../../arm-none-eabi/lib/thumb/v7e-m+fp/hard/libc_nano.a(libc_a-memset.o)
 .ARM.attributes
                0x000000d0       0x20 /usr/lib/gcc/arm-none-eabi/13.2.1/../../../arm-none-eabi/lib/thumb/v7e-m+fp/hard/libc_nano.a(libc_a-memcpy.o)

.debug_frame    0x00000000      0x170
 .debug_frame   0x00000000       0x78 /tmp/ccon9wzp.o
 .debug_frame   0x00000078       0x90 /tmp/ccAIsuZI.o
 .debug_frame   0x00000108       0x3c /tmp/cctdeiT8.o
 .debug_frame   0x00000144       0x2c /usr/lib/gcc/arm-none-eabi/13.2.1/../../../arm-none-eabi/lib/thumb/v7e-m+fp/hard/libc_nano.a(libc_a-memset.o)

.debug_line_str
                0x00000000       0x99
 .debug_line_str
                0x00000000       0x99 /usr/lib/gcc/arm-none-eabi/13.2.1/../../../arm-none-eabi/lib/thumb/v7e-m+fp/hard/libc_nano.a(libc_a-memcpy.o)
